	Infrastructure: Server
@@@@@@@@@@@@@@@@@@@@@ Full Domain Name @@@@@@@@@@@@@@@@@@@@@
--------------------- hostname -f:
localhost
--------------------- hostname -s
soabpm-vm
--------------------- domainname:
(none)
@@@@@@@@@@@@@@@@@@@@@ Network: For all interfaces
@@@@@@@@@@@@@@@@@@@@@ Name:
--------------------- ip -4 address:
1: lo: <LOOPBACK,UP,LOWER_UP> mtu 16436 qdisc noqueue state UNKNOWN 
    inet 127.0.0.1/8 scope host lo

@@@@@@@@@@@@@@@@@@@@@ Infrastructure: Hardware:
@@@@@@@@@@@@@@@@@@@@@ Vendor:--------------------- dmesg:Initializing cgroup subsys cpuset
Initializing cgroup subsys cpu
Linux version 2.6.39-400.109.5.el6uek.x86_64 (mockbuild@ca-build44.us.oracle.com) (gcc version 4.4.6 20110731 (Red Hat 4.4.6-3) (GCC) ) #1 SMP Tue Jul 23 16:40:27 PDT 2013
Command line: ro root=/dev/mapper/vg_soabpmvm-lv_root rd_NO_LUKS LANG=en_US.UTF-8 rd_NO_MD SYSFONT=latarcyrheb-sun16  rd_LVM_LV=vg_soabpmvm/lv_swap rd_LVM_LV=vg_soabpmvm/lv_root  KEYBOARDTYPE=pc KEYTABLE=us rd_NO_DM rhgb quiet numa=off
BIOS-provided physical RAM map:
 BIOS-e820: 0000000000000000 - 000000000009fc00 (usable)
 BIOS-e820: 000000000009fc00 - 00000000000a0000 (reserved)
 BIOS-e820: 00000000000f0000 - 0000000000100000 (reserved)
 BIOS-e820: 0000000000100000 - 00000000dfff0000 (usable)
 BIOS-e820: 00000000dfff0000 - 00000000e0000000 (ACPI data)
 BIOS-e820: 00000000fffc0000 - 0000000100000000 (reserved)
 BIOS-e820: 0000000100000000 - 0000000120000000 (usable)
NX (Execute Disable) protection: active
SMBIOS 2.5 present.
DMI: innotek GmbH VirtualBox/VirtualBox, BIOS VirtualBox 12/01/2006
e820 update range: 0000000000000000 - 0000000000010000 (usable) ==> (reserved)
e820 remove range: 00000000000a0000 - 0000000000100000 (usable)
No AGP bridge found
last_pfn = 0x120000 max_arch_pfn = 0x400000000
MTRR default type: uncachable
MTRR variable ranges disabled:
x86 PAT enabled: cpu 0, old 0x7040600070406, new 0x7010600070106
CPU MTRRs all blank - virtualized system.
last_pfn = 0xdfff0 max_arch_pfn = 0x400000000
found SMP MP-table at [ffff88000009fff0] 9fff0
initial memory mapped : 0 - 20000000
Base memory trampoline at [ffff88000009a000] 9a000 size 20480
init_memory_mapping: 0000000000000000-00000000dfff0000
 0000000000 - 00dfe00000 page 2M
 00dfe00000 - 00dfff0000 page 4k
kernel direct mapping tables up to 0xdffeffff @ [mem 0x1fffa000-0x1fffffff]
init_memory_mapping: 0000000100000000-0000000120000000
 0100000000 - 0120000000 page 2M
kernel direct mapping tables up to 0x11fffffff @ [mem 0xdffee000-0xdffeffff]
RAMDISK: 3704b000 - 37ff0000
ACPI: RSDP 00000000000e0000 00024 (v02 VBOX  )
ACPI: XSDT 00000000dfff0030 0003C (v01 VBOX   VBOXXSDT 00000001 ASL  00000061)
ACPI: FACP 00000000dfff00f0 000F4 (v04 VBOX   VBOXFACP 00000001 ASL  00000061)
ACPI: DSDT 00000000dfff0470 02106 (v01 VBOX   VBOXBIOS 00000002 INTL 20100528)
ACPI: FACS 00000000dfff0200 00040
ACPI: APIC 00000000dfff0240 0005C (v02 VBOX   VBOXAPIC 00000001 ASL  00000061)
ACPI: SSDT 00000000dfff02a0 001CC (v01 VBOX   VBOXCPUT 00000002 INTL 20100528)
ACPI: Local APIC address 0xfee00000
NUMA turned off
Faking a node at 0000000000000000-0000000120000000
Initmem setup node 0 0000000000000000-0000000120000000
  NODE_DATA [000000011ffd9000 - 000000011fffffff]
 [ffffea0000000000-ffffea0003ffffff] PMD -> [ffff88011b600000-ffff88011effffff] on node 0
Zone PFN ranges:
  DMA      0x00000010 -> 0x00001000
  DMA32    0x00001000 -> 0x00100000
  Normal   0x00100000 -> 0x00120000
Movable zone start PFN for each node
early_node_map[3] active PFN ranges
    0: 0x00000010 -> 0x0000009f
    0: 0x00000100 -> 0x000dfff0
    0: 0x00100000 -> 0x00120000
On node 0 totalpages: 1048447
  DMA zone: 56 pages used for memmap
  DMA zone: 5 pages reserved
  DMA zone: 3922 pages, LIFO batch:0
  DMA32 zone: 14280 pages used for memmap
  DMA32 zone: 899112 pages, LIFO batch:31
  Normal zone: 1792 pages used for memmap
  Normal zone: 129280 pages, LIFO batch:31
ACPI: PM-Timer IO Port: 0x4008
ACPI: Local APIC address 0xfee00000
ACPI: LAPIC (acpi_id[0x00] lapic_id[0x00] enabled)
ACPI: LAPIC (acpi_id[0x01] lapic_id[0x01] enabled)
ACPI: IOAPIC (id[0x02] address[0xfec00000] gsi_base[0])
IOAPIC[0]: apic_id 2, version 17, address 0xfec00000, GSI 0-23
ACPI: INT_SRC_OVR (bus 0 bus_irq 0 global_irq 2 dfl dfl)
ACPI: INT_SRC_OVR (bus 0 bus_irq 9 global_irq 9 high level)
ACPI: IRQ0 used by override.
ACPI: IRQ2 used by override.
ACPI: IRQ9 used by override.
Using ACPI (MADT) for SMP configuration information
SMP: Allowing 2 CPUs, 0 hotplug CPUs
nr_irqs_gsi: 40
PM: Registered nosave memory: 000000000009f000 - 00000000000a0000
PM: Registered nosave memory: 00000000000a0000 - 00000000000f0000
PM: Registered nosave memory: 00000000000f0000 - 0000000000100000
PM: Registered nosave memory: 00000000dfff0000 - 00000000e0000000
PM: Registered nosave memory: 00000000e0000000 - 00000000fffc0000
PM: Registered nosave memory: 00000000fffc0000 - 0000000100000000
Allocating PCI resources starting at e0000000 (gap: e0000000:1ffc0000)
Booting paravirtualized kernel on bare hardware
setup_percpu: NR_CPUS:4096 nr_cpumask_bits:2 nr_cpu_ids:2 nr_node_ids:1
PERCPU: Embedded 26 pages/cpu @ffff88011fc00000 s77312 r8192 d20992 u1048576
pcpu-alloc: s77312 r8192 d20992 u1048576 alloc=1*2097152
pcpu-alloc: [0] 0 1 
Built 1 zonelists in Node order, mobility grouping on.  Total pages: 1032314
Policy zone: Normal
Kernel command line: ro root=/dev/mapper/vg_soabpmvm-lv_root rd_NO_LUKS LANG=en_US.UTF-8 rd_NO_MD SYSFONT=latarcyrheb-sun16  rd_LVM_LV=vg_soabpmvm/lv_swap rd_LVM_LV=vg_soabpmvm/lv_root  KEYBOARDTYPE=pc KEYTABLE=us rd_NO_DM rhgb quiet numa=off
PID hash table entries: 4096 (order: 3, 32768 bytes)
xsave/xrstor: enabled xstate_bv 0x7, cntxt size 0x340
Checking aperture...
No AGP bridge found
Calgary: detecting Calgary via BIOS EBDA area
Calgary: Unable to locate Rio Grande table in EBDA - bailing!
Memory: 4037748k/4718592k available (5233k kernel code, 524804k absent, 156040k reserved, 4643k data, 1516k init)
Hierarchical RCU implementation.
NR_IRQS:262400 nr_irqs:512 16
Console: colour VGA+ 80x25
console [tty0] enabled
allocated 33554432 bytes of page_cgroup
please try 'cgroup_disable=memory' option if you don't want memory cgroups
Fast TSC calibration failed
TSC: Unable to calibrate against PIT
TSC: using PMTIMER reference calibration
Detected 2394.390 MHz processor.
Calibrating delay loop (skipped), value calculated using timer frequency.. 4788.78 BogoMIPS (lpj=2394390)
pid_max: default: 32768 minimum: 301
Security Framework initialized
SELinux:  Initializing.
SELinux:  Starting in permissive mode
Dentry cache hash table entries: 524288 (order: 10, 4194304 bytes)
Inode-cache hash table entries: 262144 (order: 9, 2097152 bytes)
Mount-cache hash table entries: 256
Initializing cgroup subsys cpuacct
Initializing cgroup subsys memory
Initializing cgroup subsys devices
Initializing cgroup subsys freezer
Initializing cgroup subsys net_cls
Initializing cgroup subsys blkio
CPU: Physical Processor ID: 0
CPU: Processor Core ID: 0
mce: CPU supports 0 MCE banks
ACPI: Core revision 20110413
ftrace: allocating 21289 entries in 84 pages
..TIMER: vector=0x30 apic1=0 pin1=2 apic2=-1 pin2=-1
CPU0: Intel(R) Core(TM) i5-4210U CPU @ 1.70GHz stepping 01
Performance Events: unsupported p6 CPU model 69 no PMU driver, software events only.
NMI watchdog disabled (cpu0): hardware events not enabled
Booting Node   0, Processors  #1 Ok.
smpboot cpu 1: start_ip = 9a000
mce: CPU supports 0 MCE banks
NMI watchdog disabled (cpu1): hardware events not enabled
Brought up 2 CPUs
Total of 2 processors activated (9577.56 BogoMIPS).
devtmpfs: initialized
print_constraints: dummy: 
NET: Registered protocol family 16
ACPI: bus type pci registered
PCI: Using configuration type 1 for base access
bio: create slab <bio-0> at 0
ACPI: EC: Look up EC in DSDT
ACPI: Executed 1 blocks of module-level executable AML code
ACPI: Interpreter enabled
ACPI: (supports S0 S5)
ACPI: Using IOAPIC for interrupt routing
ACPI: No dock devices found.
HEST: Table not found.
PCI: Ignoring host bridge windows from ACPI; if necessary, use "pci=use_crs" and report a bug
ACPI: PCI Root Bridge [PCI0] (domain 0000 [bus 00-ff])
pci_root PNP0A03:00: host bridge window [io  0x0000-0x0cf7] (ignored)
pci_root PNP0A03:00: host bridge window [io  0x0d00-0xffff] (ignored)
pci_root PNP0A03:00: host bridge window [mem 0x000a0000-0x000bffff] (ignored)
pci_root PNP0A03:00: host bridge window [mem 0xe0000000-0xffdfffff] (ignored)
pci 0000:00:00.0: [8086:1237] type 0 class 0x000600
pci 0000:00:01.0: [8086:7000] type 0 class 0x000601
pci 0000:00:01.1: [8086:7111] type 0 class 0x000101
pci 0000:00:01.1: reg 20: [io  0xd000-0xd00f]
pci 0000:00:02.0: [80ee:beef] type 0 class 0x000300
pci 0000:00:02.0: reg 10: [mem 0xe0000000-0xe3ffffff pref]
pci 0000:00:04.0: [80ee:cafe] type 0 class 0x000880
pci 0000:00:04.0: reg 10: [io  0xd020-0xd03f]
pci 0000:00:04.0: reg 14: [mem 0xf0000000-0xf03fffff]
pci 0000:00:04.0: reg 18: [mem 0xf0400000-0xf0403fff pref]
pci 0000:00:05.0: [8086:2415] type 0 class 0x000401
pci 0000:00:05.0: reg 10: [io  0xd100-0xd1ff]
pci 0000:00:05.0: reg 14: [io  0xd200-0xd23f]
pci 0000:00:07.0: [8086:7113] type 0 class 0x000680
pci 0000:00:0d.0: [8086:2829] type 0 class 0x000106
pci 0000:00:0d.0: reg 10: [io  0xd240-0xd247]
pci 0000:00:0d.0: reg 18: [io  0xd250-0xd257]
pci 0000:00:0d.0: reg 20: [io  0xd260-0xd26f]
pci 0000:00:0d.0: reg 24: [mem 0xf0404000-0xf0405fff]
ACPI: PCI Interrupt Routing Table [\_SB_.PCI0._PRT]
 pci0000:00: Unable to request _OSC control (_OSC support mask: 0x1e)
ACPI: PCI Interrupt Link [LNKA] (IRQs 5 *9 10 11)
ACPI: PCI Interrupt Link [LNKB] (IRQs 5 9 10 *11)
ACPI: PCI Interrupt Link [LNKC] (IRQs 5 9 10 *11)
ACPI: PCI Interrupt Link [LNKD] (IRQs 5 9 *10 11)
vgaarb: device added: PCI:0000:00:02.0,decodes=io+mem,owns=io+mem,locks=none
vgaarb: loaded
vgaarb: bridge control possible 0000:00:02.0
SCSI subsystem initialized
libata version 3.00 loaded.
usbcore: registered new interface driver usbfs
usbcore: registered new interface driver hub
usbcore: registered new device driver usb
PCI: Using ACPI for IRQ routing
PCI: pci_cache_line_size set to 64 bytes
reserve RAM buffer: 000000000009fc00 - 000000000009ffff 
reserve RAM buffer: 00000000dfff0000 - 00000000dfffffff 
NetLabel: Initializing
NetLabel:  domain hash size = 128
NetLabel:  protocols = UNLABELED CIPSOv4
NetLabel:  unlabeled traffic allowed by default
pnp: PnP ACPI init
ACPI: bus type pnp registered
pnp 00:00: [bus 00-ff]
pnp 00:00: [io  0x0cf8-0x0cff]
pnp 00:00: [io  0x0000-0x0cf7 window]
pnp 00:00: [io  0x0d00-0xffff window]
pnp 00:00: [mem 0x000a0000-0x000bffff window]
pnp 00:00: [mem 0xe0000000-0xffdfffff window]
pnp 00:00: Plug and Play ACPI device, IDs PNP0a03 (active)
pnp 00:01: [io  0x0060]
pnp 00:01: [io  0x0064]
pnp 00:01: [irq 1]
pnp 00:01: Plug and Play ACPI device, IDs PNP0303 (active)
pnp 00:02: [io  0x0000-0x000f]
pnp 00:02: [io  0x0080-0x008f]
pnp 00:02: [io  0x00c0-0x00df]
pnp 00:02: [dma 4]
pnp 00:02: Plug and Play ACPI device, IDs PNP0200 (active)
pnp 00:03: [irq 12]
pnp 00:03: Plug and Play ACPI device, IDs PNP0f03 (active)
pnp: PnP ACPI: found 4 devices
ACPI: ACPI bus type pnp unregistered
Switching to clocksource acpi_pm
PCI: max bus depth: 0 pci_try_num: 1
pci_bus 0000:00: resource 0 [io  0x0000-0xffff]
pci_bus 0000:00: resource 1 [mem 0x00000000-0x7fffffffff]
Switched to NOHz mode on CPU #0
Switched to NOHz mode on CPU #1
NET: Registered protocol family 2
IP route cache hash table entries: 131072 (order: 8, 1048576 bytes)
TCP established hash table entries: 524288 (order: 11, 8388608 bytes)
TCP bind hash table entries: 65536 (order: 8, 1048576 bytes)
TCP: Hash tables configured (established 524288 bind 65536)
TCP reno registered
UDP hash table entries: 2048 (order: 4, 65536 bytes)
UDP-Lite hash table entries: 2048 (order: 4, 65536 bytes)
NET: Registered protocol family 1
pci 0000:00:00.0: Limiting direct PCI/PCI transfers
pci 0000:00:01.0: Activating ISA DMA hang workarounds
pci 0000:00:02.0: Boot video device
PCI: CLS 0 bytes, default 64
Trying to unpack rootfs image as initramfs...
hrtimer: interrupt took 4768763 ns
Freeing initrd memory: 16020k freed
PCI-DMA: Using software bounce buffering for IO (SWIOTLB)
Placing 64MB software IO TLB between ffff8800dbfee000 - ffff8800dffee000
software IO TLB at phys 0xdbfee000 - 0xdffee000
platform rtc_cmos: registered platform RTC device (no PNP device found)
audit: initializing netlink socket (disabled)
type=2000 audit(1462649876.828:1): initialized
HugeTLB registered 2 MB page size, pre-allocated 0 pages
VFS: Disk quotas dquot_6.5.2
Dquot-cache hash table entries: 512 (order 0, 4096 bytes)
msgmni has been set to 7917
SELinux:  Registering netfilter hooks
alg: No test for stdrng (krng)
ksign: Installing public key data
Loading keyring
- Added public key 96DE54D4CEAF570
- User ID: Oracle America, Inc. (Kernel Module GPG key)
- Added public key 6C6F1CE4802098A9
- User ID: Oracle America, Inc. (Kernel Module Signing Key)
Block layer SCSI generic (bsg) driver version 0.4 loaded (major 253)
io scheduler noop registered
io scheduler deadline registered (default)
io scheduler cfq registered
pci_hotplug: PCI Hot Plug PCI Core version: 0.5
pciehp: PCI Express Hot Plug Controller Driver version: 0.4
acpiphp: ACPI Hot Plug PCI Controller Driver version: 0.5
ACPI: Deprecated procfs I/F for AC is loaded, please retry with CONFIG_ACPI_PROCFS_POWER cleared
ACPI: AC Adapter [AC] (on-line)
input: Power Button as /devices/LNXSYSTM:00/LNXPWRBN:00/input/input0
ACPI: Power Button [PWRF]
input: Sleep Button as /devices/LNXSYSTM:00/LNXSLPBN:00/input/input1
ACPI: Sleep Button [SLPF]
ACPI: acpi_idle registered with cpuidle
ERST: Table is not found!
Serial: 8250/16550 driver, 4 ports, IRQ sharing enabled
ACPI: Deprecated procfs I/F for battery is loaded, please retry with CONFIG_ACPI_PROCFS_POWER cleared
ACPI: Battery Slot [BAT0] (battery present)
Non-volatile memory driver v1.3
Linux agpgart interface v0.103
brd: module loaded
loop: module loaded
Fixed MDIO Bus: probed
ehci_hcd: USB 2.0 'Enhanced' Host Controller (EHCI) Driver
ohci_hcd: USB 1.1 'Open' Host Controller (OHCI) Driver
uhci_hcd: USB Universal Host Controller Interface driver
i8042: PNP: PS/2 Controller [PNP0303:PS2K,PNP0f03:PS2M] at 0x60,0x64 irq 1,12
serio: i8042 KBD port at 0x60,0x64 irq 1
serio: i8042 AUX port at 0x60,0x64 irq 12
mousedev: PS/2 mouse device common for all mice
input: AT Translated Set 2 keyboard as /devices/platform/i8042/serio0/input/input2
input: ImExPS/2 Generic Explorer Mouse as /devices/platform/i8042/serio1/input/input3
rtc_cmos rtc_cmos: rtc core: registered rtc_cmos as rtc0
rtc0: alarms up to one day, 114 bytes nvram
cpuidle: using governor ladder
cpuidle: using governor menu
EFI Variables Facility v0.08 2004-May-17
usbcore: registered new interface driver usbhid
usbhid: USB HID core driver
zram: num_devices not specified. Using default: 1
zram: Creating 1 devices ...
TCP cubic registered
Initializing XFRM netlink socket
NET: Registered protocol family 17
Registering the dns_resolver key type
registered taskstats version 1
IMA: No TPM chip found, activating TPM-bypass!
rtc_cmos rtc_cmos: setting system clock to 2016-05-07 19:37:57 UTC (1462649877)
Initializing network drop monitor service
Freeing unused kernel memory: 1516k freed
dracut: dracut-004-303.0.1.el6
dracut: rd_NO_LUKS: removing cryptoluks activation
device-mapper: uevent: version 1.0.3
device-mapper: ioctl: 4.20.0-ioctl (2011-02-02) initialised: dm-devel@redhat.com
udev: starting version 147
dracut: Starting plymouth daemon
Refined TSC clocksource calibration: 2394.457 MHz.
Switching to clocksource tsc
dracut: rd_NO_DM: removing DM RAID activation
dracut: rd_NO_MD: removing MD RAID activation
ahci 0000:00:0d.0: version 3.0
ahci 0000:00:0d.0: PCI INT A -> GSI 21 (level, low) -> IRQ 21
ahci: SSS flag set, parallel bus scan disabled
ahci 0000:00:0d.0: AHCI 0001.0100 32 slots 3 ports 3 Gbps 0x7 impl SATA mode
ahci 0000:00:0d.0: flags: 64bit ncq stag only ccc 
scsi0 : ahci
scsi1 : ahci
scsi2 : ahci
ata1: SATA max UDMA/133 abar m8192@0xf0404000 port 0xf0404100 irq 21
ata2: SATA max UDMA/133 abar m8192@0xf0404000 port 0xf0404180 irq 21
ata3: SATA max UDMA/133 abar m8192@0xf0404000 port 0xf0404200 irq 21
ata1: SATA link up 3.0 Gbps (SStatus 123 SControl 300)
ata1.00: ATA-8: VBOX HARDDISK, 1.0, max UDMA/133
ata1.00: 41943040 sectors, multi 128: LBA48 NCQ (depth 31/32)
ata1.00: configured for UDMA/133
scsi 0:0:0:0: Direct-Access     ATA      VBOX HARDDISK    1.0  PQ: 0 ANSI: 5
ata2: SATA link up 3.0 Gbps (SStatus 123 SControl 300)
ata2.00: ATA-8: VBOX HARDDISK, 1.0, max UDMA/133
ata2.00: 41943040 sectors, multi 128: LBA48 NCQ (depth 31/32)
ata2.00: configured for UDMA/133
scsi 1:0:0:0: Direct-Access     ATA      VBOX HARDDISK    1.0  PQ: 0 ANSI: 5
ata3: SATA link up 3.0 Gbps (SStatus 123 SControl 300)
ata3.00: ATA-8: VBOX HARDDISK, 1.0, max UDMA/133
ata3.00: 62914560 sectors, multi 128: LBA48 NCQ (depth 31/32)
ata3.00: configured for UDMA/133
scsi 2:0:0:0: Direct-Access     ATA      VBOX HARDDISK    1.0  PQ: 0 ANSI: 5
ata_piix 0000:00:01.1: version 2.13
scsi3 : ata_piix
scsi4 : ata_piix
ata4: PATA max UDMA/33 cmd 0x1f0 ctl 0x3f6 bmdma 0xd000 irq 14
ata5: PATA max UDMA/33 cmd 0x170 ctl 0x376 bmdma 0xd008 irq 15
ata5.00: ATAPI: VBOX CD-ROM, 1.0, max UDMA/133
ata5.00: configured for UDMA/33
scsi 4:0:0:0: CD-ROM            VBOX     CD-ROM           1.0  PQ: 0 ANSI: 5
input: Video Bus as /devices/LNXSYSTM:00/device:00/PNP0A03:00/LNXVIDEO:00/input/input4
ACPI: Video Device [GFX0] (multi-head: yes  rom: no  post: no)
sd 1:0:0:0: [sdb] 41943040 512-byte logical blocks: (21.4 GB/20.0 GiB)
sd 0:0:0:0: [sda] 41943040 512-byte logical blocks: (21.4 GB/20.0 GiB)
sd 2:0:0:0: [sdc] 62914560 512-byte logical blocks: (32.2 GB/30.0 GiB)
sd 1:0:0:0: [sdb] Write Protect is off
sd 1:0:0:0: [sdb] Mode Sense: 00 3a 00 00
sd 0:0:0:0: [sda] Write Protect is off
sd 0:0:0:0: [sda] Mode Sense: 00 3a 00 00
sd 1:0:0:0: [sdb] Write cache: enabled, read cache: enabled, doesn't support DPO or FUA
sd 0:0:0:0: [sda] Write cache: enabled, read cache: enabled, doesn't support DPO or FUA
sd 2:0:0:0: [sdc] Write Protect is off
sd 2:0:0:0: [sdc] Mode Sense: 00 3a 00 00
sd 2:0:0:0: [sdc] Write cache: enabled, read cache: enabled, doesn't support DPO or FUA
 sda: sda1 sda2
 sdb: sdb1
 sdc: sdc1
sd 1:0:0:0: [sdb] Attached SCSI disk
sd 2:0:0:0: [sdc] Attached SCSI disk
sd 0:0:0:0: [sda] Attached SCSI disk
sr0: scsi3-mmc drive: 32x/32x xa/form2 tray
cdrom: Uniform CD-ROM driver Revision: 3.20
sr 4:0:0:0: Attached scsi CD-ROM sr0
dracut: Scanning devices sda2  for LVM logical volumes vg_soabpmvm/lv_swap vg_soabpmvm/lv_root 
dracut: inactive '/dev/vg_soabpmvm/lv_root' [15.57 GiB] inherit
dracut: inactive '/dev/vg_soabpmvm/lv_swap' [3.94 GiB] inherit
EXT4-fs (dm-0): mounted filesystem with ordered data mode. Opts: (null)
dracut: Mounted root filesystem /dev/mapper/vg_soabpmvm-lv_root
SELinux:  Disabled at runtime.
SELinux:  Unregistering netfilter hooks
type=1404 audit(1462649881.983:2): selinux=0 auid=4294967295 ses=4294967295
dracut: 
dracut: Switching root
readahead: starting
udev: starting version 147
[drm] Initialized drm 1.1.0 20060810
pci 0000:00:02.0: PCI INT A -> GSI 18 (level, low) -> IRQ 18
[drm] Supports vblank timestamp caching Rev 1 (10.10.2010).
[drm] No driver support for vblank timestamp query.
[drm] Initialized vboxvideo 1.0.0 20090303 for 0000:00:02.0 on minor 0
vboxguest 0000:00:04.0: PCI INT A -> GSI 20 (level, low) -> IRQ 20
input: Unspecified device as /devices/pci0000:00/0000:00:04.0/input/input5
vboxguest: major 0, IRQ 20, I/O port d020, MMIO at 00000000f0000000 (size 0x400000)
vboxguest: Successfully loaded version 4.3.8 (interface 0x00010004)
Intel ICH 0000:00:05.0: PCI INT A -> GSI 21 (level, low) -> IRQ 21
intel8x0_measure_ac97_clock: measured 50786 usecs (6240 samples)
intel8x0: measured clock 122868 rejected
intel8x0_measure_ac97_clock: measured 51518 usecs (7201 samples)
intel8x0: measured clock 139776 rejected
intel8x0_measure_ac97_clock: measured 53543 usecs (7201 samples)
intel8x0: measured clock 134490 rejected
intel8x0: clocking to 48000
piix4_smbus 0000:00:07.0: SMBus base address uninitialized - upgrade BIOS or use force_addr=0xaddr
input: PC Speaker as /devices/platform/pcspkr/input/input6
sd 0:0:0:0: Attached scsi generic sg0 type 0
sd 1:0:0:0: Attached scsi generic sg1 type 0
sd 2:0:0:0: Attached scsi generic sg2 type 0
sr 4:0:0:0: Attached scsi generic sg3 type 5
microcode: CPU0 sig=0x40651, pf=0x40, revision=0x0
microcode: CPU1 sig=0x40651, pf=0x40, revision=0x0
microcode: Microcode Update Driver: v2.00 <tigran@aivazian.fsnet.co.uk>, Peter Oruba
EXT4-fs (dm-0): re-mounted. Opts: (null)
EXT4-fs (sda1): mounted filesystem with ordered data mode. Opts: (null)
EXT4-fs (sdb1): mounted filesystem with ordered data mode. Opts: (null)
EXT4-fs (sdc1): mounted filesystem with ordered data mode. Opts: (null)
Adding 4128764k swap on /dev/mapper/vg_soabpmvm-lv_swap.  Priority:-1 extents:1 across:4128764k 
NET: Registered protocol family 10
RPC: Registered named UNIX socket transport module.
RPC: Registered udp transport module.
RPC: Registered tcp transport module.
RPC: Registered tcp NFSv4.1 backchannel transport module.
vboxsf: Successfully loaded version 4.3.8 (interface 0x00010004)
fuse init (API version 7.16)
@@@@@@@@@@@@@@@@@@@@@ Model@@@@@@@@@@@@@@@@@@@@@ Virtual:@@@@@@@@@@@@@@@@@@@@@ CPU
@@@@@@@@@@@@@@@@@@@@@ Vendor:@@@@@@@@@@@@@@@@@@@@@ Name: --------------------- lscpu:Architecture:          x86_64
CPU op-mode(s):        32-bit, 64-bit
Byte Order:            Little Endian
CPU(s):                2
On-line CPU(s) list:   0,1
Thread(s) per core:    1
Core(s) per socket:    2
Socket(s):             1
NUMA node(s):          1
Vendor ID:             GenuineIntel
CPU family:            6
Model:                 69
Stepping:              1
CPU MHz:               2394.390
BogoMIPS:              4788.78
L1d cache:             32K
L1i cache:             32K
L2 cache:              256K
L3 cache:              3072K
NUMA node0 CPU(s):     0,1
@@@@@@@@@@@@@@@@@@@@@ Processors and Cores: @@@@@@@@@@@@@@@@@@@@@ Architecture:@@@@@@@@@@@@@@@@@@@@@ Speed:@@@@@@@@@@@@@@@@@@@@@ RAM:@@@@@@@@@@@@@@@@@@@@@ Name:
--------------------- free:
             total       used       free     shared    buffers     cached
Mem:       4055284    2522920    1532364          0      66784    1203168
-/+ buffers/cache:    1252968    2802316
Swap:      4128764          0    4128764

@@@@@@@@@@@@@@@@@@@@@ Hard Disk:- - - - - dmesg:


Execution Time (yyyy/MM/dd HH:mm:ss): 2016/05/07 19:21:39
Duration (milliseconds):              123
UserTime (milliseconds):              370
SystemTime (milliseconds):            30
CpuTime (milliseconds):               400
